2025-12-24 14:43:00 | WARN | repo=course-sys-int-switchyard-seminar | action=commit
2025-02-08 19:16:00 | INFO | repo=course-sys-int-switchyard-seminar | action=commit
2025-02-14 07:26:00 | DEBUG | repo=course-sys-int-switchyard-seminar | action=commit
2025-03-22 20:59:00 | INFO | repo=course-sys-int-switchyard-seminar | action=commit
2025-07-12 21:49:00 | INFO | repo=course-sys-int-switchyard-seminar | action=commit
2025-12-06 08:58:00 | WARN | repo=course-sys-int-switchyard-seminar | action=test | passed=true
2025-02-27 21:04:00 | WARN | repo=course-sys-int-switchyard-seminar | action=commit
2025-09-07 07:19:00 | WARN | repo=course-sys-int-switchyard-seminar | action=test | passed=true
2025-03-02 17:52:00 | DEBUG | repo=course-sys-int-switchyard-seminar | action=commit
2025-12-01 19:23:00 | WARN | repo=course-sys-int-switchyard-seminar | action=commit
2025-01-16 18:19:00 | WARN | repo=course-sys-int-switchyard-seminar | action=commit
2025-12-16 14:37:00 | DEBUG | repo=course-sys-int-switchyard-seminar | action=test | passed=true
2025-08-06 07:06:00 | INFO | repo=course-sys-int-switchyard-seminar | action=edit | files=3
2025-09-22 21:24:00 | DEBUG | repo=course-sys-int-switchyard-seminar | action=test | passed=true
2025-04-18 20:11:00 | WARN | repo=course-sys-int-switchyard-seminar | action=commit
2025-01-12 20:03:00 | WARN | repo=course-sys-int-switchyard-seminar | action=commit
2025-06-26 10:26:00 | INFO | repo=course-sys-int-switchyard-seminar | action=commit
2025-04-03 19:26:00 | DEBUG | repo=course-sys-int-switchyard-seminar | action=pull
2025-11-11 19:25:00 | DEBUG | repo=course-sys-int-switchyard-seminar | action=commit
2025-04-15 11:23:00 | DEBUG | repo=course-sys-int-switchyard-seminar | action=commit
2025-08-12 17:45:00 | INFO | repo=course-sys-int-switchyard-seminar | action=commit
2025-12-12 20:22:00 | WARN | repo=course-sys-int-switchyard-seminar | action=pull
2025-01-23 09:13:00 | DEBUG | repo=course-sys-int-switchyard-seminar | action=commit
2025-03-01 17:13:00 | DEBUG | repo=course-sys-int-switchyard-seminar | action=commit
2025-01-04 11:52:00 | INFO | repo=course-sys-int-switchyard-seminar | action=pull
2025-08-11 18:24:00 | WARN | repo=course-sys-int-switchyard-seminar | action=edit | files=4
2025-05-12 14:17:00 | DEBUG | repo=course-sys-int-switchyard-seminar | action=commit
2025-07-22 21:41:00 | INFO | repo=course-sys-int-switchyard-seminar | action=edit | files=5
2025-12-28 07:30:00 | WARN | repo=course-sys-int-switchyard-seminar | action=commit
2025-04-02 07:45:00 | INFO | repo=course-sys-int-switchyard-seminar | action=commit
2025-09-27 21:10:00 | WARN | repo=course-sys-int-switchyard-seminar | action=commit
2025-08-15 07:09:00 | INFO | repo=course-sys-int-switchyard-seminar | action=pull
2025-10-16 08:29:00 | INFO | repo=course-sys-int-switchyard-seminar | action=edit | files=3
2025-11-19 07:39:00 | DEBUG | repo=course-sys-int-switchyard-seminar | action=commit
2025-11-16 13:36:00 | DEBUG | repo=course-sys-int-switchyard-seminar | action=commit
